/var/log/syslog #to find new device
ls /dev #to confirm device
fdisk /dev/nvme1n1

        Welcome to fdisk (util-linux 2.34).
        Changes will remain in memory only, until you decide to write them.
        Be careful before using the write command.

        Device does not contain a recognized partition table.
        Created a new DOS disklabel with disk identifier 0x417412b3.

        Command (m for help): p
        Disk /dev/nvme1n1: 10 GiB, 10737418240 bytes, 20971520 sectors
        Disk model: Amazon Elastic Block Store
        Units: sectors of 1 * 512 = 512 bytes
        Sector size (logical/physical): 512 bytes / 512 bytes
        I/O size (minimum/optimal): 512 bytes / 512 bytes
        Disklabel type: dos
        Disk identifier: 0x417412b3

        Command (m for help): n
        Partition type
        p   primary (0 primary, 0 extended, 4 free)
        e   extended (container for logical partitions)
        Select (default p): p
        Partition number (1-4, default 1):
        First sector (2048-20971519, default 2048):
        Last sector, +/-sectors or +/-size{K,M,G,T,P} (2048-20971519, default 20971519):

        Created a new partition 1 of type 'Linux' and of size 10 GiB.

        Command (m for help): w
        The partition table has been altered.
        Calling ioctl() to re-read partition table.
        Syncing disks.

mkfs /dev/nvme1n1p1

fsck -N /dev/nvme1n1p1

mkdir /sftp_data

tune2fs -L sftp_data /dev/nvme1n1p1

vi /etc/fstab

mount -a
